
> @superliora/liora@0.20.1 prebuild /Users/modumaru/.superliora/worktrees/superliora-5eccc730/conductor-jmsco4lf83925mr/apps/liora
> node scripts/sync-upstream-baseline.mjs && node scripts/build-vis-asset.mjs

[sync-upstream-baseline] wrote /Users/modumaru/.superliora/worktrees/superliora-5eccc730/conductor-jmsco4lf83925mr/apps/liora/src/generated/upstream-baseline.generated.ts
[build-vis-asset] building vis web single-file bundle…
vite v6.4.2 building for production...
transforming...
✓ 129 modules transformed.
rendering chunks...
[plugin vite:singlefile] 

[plugin vite:singlefile] Inlining: index-5Xn1dEXU.js
[plugin vite:singlefile] Inlining: style-DIzO79E6.css
computing gzip size...
dist-single/index.html  397.88 kB │ gzip: 116.00 kB
✓ built in 521ms
[build-vis-asset] wrote /Users/modumaru/.superliora/worktrees/superliora-5eccc730/conductor-jmsco4lf83925mr/apps/liora/src/generated/vis-web-asset.ts (151 KB base64)

> @superliora/liora@0.20.1 build /Users/modumaru/.superliora/worktrees/superliora-5eccc730/conductor-jmsco4lf83925mr/apps/liora
> tsdown && node scripts/copy-expert-personas.mjs && node scripts/check-cli-bundle.mjs

ℹ tsdown v0.22.0 powered by rolldown v1.0.1
ℹ config file: /Users/modumaru/.superliora/worktrees/superliora-5eccc730/conductor-jmsco4lf83925mr/apps/liora/tsdown.config.ts 
ℹ entry: ./src/main.ts
ℹ target: node22.19.0
ℹ tsconfig: tsconfig.json
ℹ Build start
ℹ Cleaning 2 files
ℹ Granting execute permission to dist/main.mjs
ℹ dist/main.mjs  17.89 MB
ℹ 1 files, total: 17.89 MB
✔ Build complete in 1212ms
Copied expert personas → /Users/modumaru/.superliora/worktrees/superliora-5eccc730/conductor-jmsco4lf83925mr/apps/liora/dist/catalog-personas.json (4567979 bytes)
CLI bundle check passed: /Users/modumaru/.superliora/worktrees/superliora-5eccc730/conductor-jmsco4lf83925mr/apps/liora/dist/main.mjs

real	0m2.406s
user	0m3.807s
sys	0m1.254s
